// Jest Snapshot v1, https://goo.gl/fbAQLP

exports[`should match snapshot 1`] = `
<div>
  <div
    class="sc-AxirZ yXksX"
  >
    <main
      class="sc-AxjAm cXCrJf"
    >
      <div
        class="headshot"
      >
        <img
          alt="Any's headshot"
          src="anyruizd.jpg"
        />
      </div>
      <section
        class="content"
      >
        <h5
          class="title"
        >
          Hey there!
          <span
            aria-label="wave"
            role="img"
          >
            👋🏽
          </span>
        </h5>
        <p
          class="subtitle"
        >
          I’m Any, a Front-End Developer based in Medellín, Colombia.
        </p>
        <div
          class="social-media"
        >
          <li>
            <a
              href="https://github.com/anyruizd"
              rel="noopener noreferrer"
              target="_blank"
            >
              <img
                alt="github logo"
                class="social-media-logo"
                src="assets/github-logo-dark.png"
              />
            </a>
          </li>
          <li>
            <a
              href="https://twitter.com/anyruizd"
              rel="noopener noreferrer"
              target="_blank"
            >
              <img
                alt="twitter logo"
                class="social-media-logo"
                src="assets/twitter-logo-dark.png"
              />
            </a>
          </li>
          <li>
            <a
              href="https://linkedin.com/in/anyruizd"
              rel="noopener noreferrer"
              target="_blank"
            >
              <img
                alt="linkedin logo"
                class="social-media-logo"
                src="assets/linkedin-logo-dark.png"
              />
            </a>
          </li>
          <li>
            <a
              href="https://dev.to/anyruizd"
              rel="noopener noreferrer"
              target="_blank"
            >
              <img
                alt="devto logo"
                class="social-media-logo"
                src="assets/devto-logo-dark.png"
              />
            </a>
          </li>
        </div>
      </section>
    </main>
  </div>
</div>
`;
